// Jest Snapshot v1, https://goo.gl/fbAQLP

exports[`FilterDropdown Matches the snapshot 1`] = `
<div
  className="dropdown-wrapper ant-dropdown-trigger"
  onClick={[Function]}
  onMouseDown={[Function]}
  onTouchStart={[Function]}
>
  <button
    className="ant-btn sc-AxjAm fiyLWi sc-AxiKw jjGJAt btn-wrapper  ant-btn-primary"
    color="primary"
    onClick={[Function]}
    round="false"
    sizevalue="normal"
    type="button"
    typevalue="outline"
    weight="500"
  >
    <span>
      Filter 
    </span>
    <i
      aria-label="icon: caret-down"
      className="anticon anticon-caret-down"
    >
      <svg
        aria-hidden="true"
        className=""
        data-icon="caret-down"
        fill="currentColor"
        focusable="false"
        height="1em"
        viewBox="0 0 1024 1024"
        width="1em"
      >
        <path
          d="M840.4 300H183.6c-19.7 0-30.7 20.8-18.5 35l328.4 380.8c9.4 10.9 27.5 10.9 37 0L858.9 335c12.2-14.2 1.2-35-18.5-35z"
        />
      </svg>
    </i>
  </button>
  <button
    className="ant-btn sc-AxjAm dbsNol sc-AxhCb igecY btn-wrapper  ant-btn-primary"
    color="primary"
    onClick={[Function]}
    round="false"
    sizevalue="normal"
    type="button"
    typevalue="ghost"
    weight="500"
  >
    <i
      aria-label="icon: filter"
      className="anticon anticon-filter"
    >
      <svg
        aria-hidden="true"
        className=""
        data-icon="filter"
        fill="currentColor"
        focusable="false"
        height="1em"
        viewBox="64 64 896 896"
        width="1em"
      >
        <path
          d="M880.1 154H143.9c-24.5 0-39.8 26.7-27.5 48L349 597.4V838c0 17.7 14.2 32 31.8 32h262.4c17.6 0 31.8-14.3 31.8-32V597.4L907.7 202c12.2-21.3-3.1-48-27.6-48zM603.4 798H420.6V642h182.9v156zm9.6-236.6l-9.5 16.6h-183l-9.5-16.6L212.7 226h598.6L613 561.4z"
        />
      </svg>
    </i>
  </button>
</div>
`;
